nohup: ignoring input
srun: job 18791559 queued and waiting for resources
srun: Job allocation 18791559 has been revoked
srun: Force Terminated JobId=18791559
Command exited with non-zero status 1
0.02user 0.00system 0:21.20elapsed 0%CPU (0avgtext+0avgdata 6720maxresident)k
0inputs+0outputs (0major+497minor)pagefaults 0swaps
